// Jest Snapshot v1, https://goo.gl/fbAQLP

exports[`Should render ExpenseListItem with expense 1`] = `
<div>
  <Link
    to="edit/1"
  >
    <h3>
      Description: 
      Gum
    </h3>
  </Link>
  <p>
    Price: 
    195
  </p>
  <p>
    Created At: 
    0
  </p>
</div>
`;
